{"timestamp": "2026-05-07T17:58:17.810183", "level": "INFO", "logger": "mortgage_api", "message": "=================================================="}
{"timestamp": "2026-05-07T17:58:17.810687", "level": "INFO", "logger": "mortgage_api", "message": "=================================================="}
{"timestamp": "2026-05-07T17:58:17.810687", "level": "INFO", "logger": "mortgage_api", "message": "   Mortgage AI Decision System v2.0.0"}
{"timestamp": "2026-05-07T17:58:17.810687", "level": "INFO", "logger": "mortgage_api", "message": "   Mortgage AI Decision System v2.0.0"}
{"timestamp": "2026-05-07T17:58:17.811195", "level": "INFO", "logger": "mortgage_api", "message": "=================================================="}
{"timestamp": "2026-05-07T17:58:17.826648", "level": "INFO", "logger": "mortgage_api", "message": "=================================================="}
{"timestamp": "2026-05-07T17:58:17.834205", "level": "INFO", "logger": "mortgage_api", "message": "[Startup] Active Model Target : xgboost"}
{"timestamp": "2026-05-07T17:58:17.835480", "level": "INFO", "logger": "mortgage_api", "message": "[Startup] Active Model Target : xgboost"}
{"timestamp": "2026-05-07T17:58:17.835480", "level": "INFO", "logger": "mortgage_api", "message": "[Startup] Expected Features   : 15"}
{"timestamp": "2026-05-07T17:58:17.835480", "level": "INFO", "logger": "mortgage_api", "message": "[Startup] Expected Features   : 15"}
{"timestamp": "2026-05-07T17:58:17.836000", "level": "INFO", "logger": "mortgage_api", "message": "[Startup] Model Status - logisticregression: READY (2.3 KB)"}
{"timestamp": "2026-05-07T17:58:17.836000", "level": "INFO", "logger": "mortgage_api", "message": "[Startup] Model Status - logisticregression: READY (2.3 KB)"}
{"timestamp": "2026-05-07T17:58:17.836000", "level": "INFO", "logger": "mortgage_api", "message": "[Startup] Model Status - xgboost        : READY (479.2 KB)"}
{"timestamp": "2026-05-07T17:58:17.836000", "level": "INFO", "logger": "mortgage_api", "message": "[Startup] Model Status - xgboost        : READY (479.2 KB)"}
{"timestamp": "2026-05-07T17:58:17.836515", "level": "INFO", "logger": "mortgage_api", "message": "[Startup] Model Status - lightgbm       : READY (499.8 KB)"}
{"timestamp": "2026-05-07T17:58:17.836515", "level": "INFO", "logger": "mortgage_api", "message": "[Startup] Model Status - lightgbm       : READY (499.8 KB)"}
{"timestamp": "2026-05-07T17:58:17.836515", "level": "INFO", "logger": "mortgage_api", "message": "[Startup] Model Status - ensemble       : READY (6634.7 KB)"}
{"timestamp": "2026-05-07T17:58:17.836515", "level": "INFO", "logger": "mortgage_api", "message": "[Startup] Model Status - ensemble       : READY (6634.7 KB)"}
{"timestamp": "2026-05-07T17:58:19.656010", "level": "INFO", "logger": "mortgage_api", "message": "[Startup] Cache Status         : WARMED"}
{"timestamp": "2026-05-07T17:58:19.656010", "level": "INFO", "logger": "mortgage_api", "message": "[Startup] Cache Status         : WARMED"}
{"timestamp": "2026-05-07T17:58:19.656010", "level": "INFO", "logger": "mortgage_api", "message": "=================================================="}
{"timestamp": "2026-05-07T17:58:19.656010", "level": "INFO", "logger": "mortgage_api", "message": "=================================================="}
{"timestamp": "2026-05-07T18:04:04.683302", "level": "INFO", "logger": "mortgage_api", "message": "=== Mortgage AI Shutdown ==="}
{"timestamp": "2026-05-07T18:04:04.683637", "level": "INFO", "logger": "mortgage_api", "message": "=== Mortgage AI Shutdown ==="}
{"timestamp": "2026-05-07T18:04:07.105103", "level": "INFO", "logger": "mortgage_api", "message": "=================================================="}
{"timestamp": "2026-05-07T18:04:07.105605", "level": "INFO", "logger": "mortgage_api", "message": "=================================================="}
{"timestamp": "2026-05-07T18:04:07.105605", "level": "INFO", "logger": "mortgage_api", "message": "   Mortgage AI Decision System v2.0.0"}
{"timestamp": "2026-05-07T18:04:07.105605", "level": "INFO", "logger": "mortgage_api", "message": "   Mortgage AI Decision System v2.0.0"}
{"timestamp": "2026-05-07T18:04:07.106325", "level": "INFO", "logger": "mortgage_api", "message": "=================================================="}
{"timestamp": "2026-05-07T18:04:07.106325", "level": "INFO", "logger": "mortgage_api", "message": "=================================================="}
{"timestamp": "2026-05-07T18:04:07.107900", "level": "INFO", "logger": "mortgage_api", "message": "[Startup] Active Model Target : xgboost"}
{"timestamp": "2026-05-07T18:04:07.107900", "level": "INFO", "logger": "mortgage_api", "message": "[Startup] Active Model Target : xgboost"}
{"timestamp": "2026-05-07T18:04:07.107900", "level": "INFO", "logger": "mortgage_api", "message": "[Startup] Expected Features   : 15"}
{"timestamp": "2026-05-07T18:04:07.108430", "level": "INFO", "logger": "mortgage_api", "message": "[Startup] Expected Features   : 15"}
{"timestamp": "2026-05-07T18:04:07.108430", "level": "INFO", "logger": "mortgage_api", "message": "[Startup] Model Status - logisticregression: READY (2.3 KB)"}
{"timestamp": "2026-05-07T18:04:07.108430", "level": "INFO", "logger": "mortgage_api", "message": "[Startup] Model Status - logisticregression: READY (2.3 KB)"}
{"timestamp": "2026-05-07T18:04:07.108938", "level": "INFO", "logger": "mortgage_api", "message": "[Startup] Model Status - xgboost        : READY (479.2 KB)"}
{"timestamp": "2026-05-07T18:04:07.108938", "level": "INFO", "logger": "mortgage_api", "message": "[Startup] Model Status - xgboost        : READY (479.2 KB)"}
{"timestamp": "2026-05-07T18:04:07.109469", "level": "INFO", "logger": "mortgage_api", "message": "[Startup] Model Status - lightgbm       : READY (499.8 KB)"}
{"timestamp": "2026-05-07T18:04:07.109469", "level": "INFO", "logger": "mortgage_api", "message": "[Startup] Model Status - lightgbm       : READY (499.8 KB)"}
{"timestamp": "2026-05-07T18:04:07.109469", "level": "INFO", "logger": "mortgage_api", "message": "[Startup] Model Status - ensemble       : READY (6634.7 KB)"}
{"timestamp": "2026-05-07T18:04:07.110024", "level": "INFO", "logger": "mortgage_api", "message": "[Startup] Model Status - ensemble       : READY (6634.7 KB)"}
{"timestamp": "2026-05-07T18:04:07.168117", "level": "INFO", "logger": "mortgage_api", "message": "[Startup] Cache Status         : WARMED"}
{"timestamp": "2026-05-07T18:04:07.168117", "level": "INFO", "logger": "mortgage_api", "message": "[Startup] Cache Status         : WARMED"}
{"timestamp": "2026-05-07T18:04:07.168808", "level": "INFO", "logger": "mortgage_api", "message": "=================================================="}
{"timestamp": "2026-05-07T18:04:07.168808", "level": "INFO", "logger": "mortgage_api", "message": "=================================================="}
